// Jest Snapshot v1, https://goo.gl/fbAQLP

exports[`Header component renders correctly 1`] = `
<header>
  <h1>
    testApp
  </h1>
</header>
`;
